// Jest Snapshot v1, https://goo.gl/fbAQLP

exports[`basic spec should create a component 1`] = `
<div>
  Result: 
</div>
`;
